1
[32m"[0m[32ma[0m[32m"[0m
[1m[[0m
  [32m"[0m[32ma[0m[32m"[0m,
  [32m"[0m[32mb[0m[32m"[0m[1m
][0m
